// Jest Snapshot v1, https://goo.gl/fbAQLP

exports[`Main it matches snapshot 1`] = `
<div
  className="sidebars"
>
  <h1>
    <a
      href="/"
    >
      Guess The Language
    </a>
  </h1>
  <div
    className="score-box"
  >
    <div
      className="question"
    >
      Question: 
      /10
    </div>
    <div
      className="score"
    >
      Score: 
    </div>
  </div>
  <div
    className="video"
  >
    <div
      className="youtube-video-wrapper"
    >
      <div
        className="title-blocker"
      >
        <img
          alt=""
          id="imagehidestitle"
          src="./images/titlecover.jpg"
        />
      </div>
      <div
        id="whatlanguage"
      >
        What language do you think it is?
      </div>
      <iframe
        className="youtube-video-iframe"
        height="349"
        id={0}
        src="https://www.youtube.com/embed/3FGc0zaIg2k?start=5&end=120&autoplay=1&mute=1"
        title="English"
        width="560"
      />
    </div>
    <div
      className="choices"
    >
      <button
        disabled={false}
        id="French"
        onClick={[Function]}
      >
        French
      </button>
      <button
        disabled={false}
        id="English"
        onClick={[Function]}
      >
        English
      </button>
      <button
        disabled={false}
        id="Italian"
        onClick={[Function]}
      >
        Italian
      </button>
    </div>
    <div
      className="feedback"
    />
  </div>
  <div
    className="new-game-btn-wrapper"
  >
    <button
      className="new-game-btn"
      onClick={[Function]}
    >
      New Game
    </button>
  </div>
</div>
`;
